// Jest Snapshot v1, https://goo.gl/fbAQLP

exports[`should render filters component correctly 1`] = `
<div
  className="filters"
>
  <h1>
    Filters
  </h1>
  <div
    className="type"
  >
    <span
      className="head"
    >
      Launch Year
    </span>
    <div
      className="btns"
    >
      <FilterButtons
        btns={
          Array [
            "2006",
            "2007",
            "2008",
            "2009",
            "2010",
            "2011",
            "2012",
            "2013",
            "2014",
            "2015",
            "2016",
            "2017",
            "2018",
            "2019",
            "2020",
          ]
        }
        clickEvent={[Function]}
        params={URLSearchParams {}}
        type="launch_year"
      />
    </div>
    <span
      className="head"
    >
      Successful Launch
    </span>
    <div
      className="btns"
    >
      <FilterButtons
        btns={
          Array [
            "True",
            "False",
          ]
        }
        clickEvent={[Function]}
        params={URLSearchParams {}}
        type="launch_success"
      />
    </div>
    <span
      className="head"
    >
      Successful Landing
    </span>
    <div
      className="btns"
    >
      <FilterButtons
        btns={
          Array [
            "True",
            "False",
          ]
        }
        clickEvent={[Function]}
        params={URLSearchParams {}}
        type="land_success"
      />
    </div>
  </div>
</div>
`;
