// Jest Snapshot v1, https://goo.gl/fbAQLP

exports[`should render button corectly 1`] = `
<span>
  <input
    defaultChecked={false}
    id="2006"
    onClick={[MockFunction]}
    type="radio"
    value="2006"
  />
  <label
    className="btn"
    htmlFor="2006"
  >
    2006
  </label>
</span>
`;
